// Jest Snapshot v1, https://goo.gl/fbAQLP

exports[`<Cart/> renders and matches snap 1`] = `
<header>
  <CloseButton
    onClick={[Function]}
    title="close"
  >
    <StyledComponent
      forwardedComponent={
        Object {
          "$$typeof": Symbol(react.forward_ref),
          "attrs": Array [],
          "componentStyle": ComponentStyle {
            "componentId": "CloseButton-z8dmbt-0",
            "isStatic": true,
            "lastClassName": "bnVovM",
            "rules": Array [
              "background:black;color:white;font-size:3rem;border:0;position:absolute;z-index:2;right:0;",
            ],
          },
          "displayName": "CloseButton",
          "foldedComponentIds": Array [],
          "render": [Function],
          "styledComponentId": "CloseButton-z8dmbt-0",
          "target": "button",
          "toString": [Function],
          "warnTooManyClasses": [Function],
          "withComponent": [Function],
        }
      }
      forwardedRef={null}
      onClick={[Function]}
      title="close"
    >
      <button
        className="CloseButton-z8dmbt-0 bnVovM"
        onClick={[Function]}
        title="close"
      >
        Ã—
      </button>
    </StyledComponent>
  </CloseButton>
  <Supreme>
    <StyledComponent
      forwardedComponent={
        Object {
          "$$typeof": Symbol(react.forward_ref),
          "attrs": Array [],
          "componentStyle": ComponentStyle {
            "componentId": "Supreme-sc-17eb7u4-0",
            "isStatic": false,
            "lastClassName": "gZRZBN",
            "rules": Array [
              "background:",
              [Function],
              ";color:white;display:inline-block;padding:4px 5px;transform:skew(-3deg);margin:0;font-size:4rem;",
            ],
          },
          "displayName": "Supreme",
          "foldedComponentIds": Array [],
          "render": [Function],
          "styledComponentId": "Supreme-sc-17eb7u4-0",
          "target": "h3",
          "toString": [Function],
          "warnTooManyClasses": [Function],
          "withComponent": [Function],
        }
      }
      forwardedRef={null}
    >
      <h3
        className="Supreme-sc-17eb7u4-0 gZRZBN"
      >
        Miss Coleman Berge
        's Cart
      </h3>
    </StyledComponent>
  </Supreme>
  <p>
    You Have 
    1
     Item
     in your cart.
  </p>
</header>
`;
