// Jest Snapshot v1, https://goo.gl/fbAQLP

exports[`<RemoveFromCart/> renders and matches snapshot 1`] = `
<button
  className="RemoveFromCart__BigButton-sc-180sm5y-0 nVBGT"
  disabled={false}
  onClick={[Function]}
  title="Delete Item"
>
  Ã—
</button>
`;
